// Bun Snapshot v1, https://goo.gl/fbAQLP

exports[`should return every nodes available 1`] = `
[
  [
    1,
    2,
    3,
  ],
  1,
  2,
  3,
]
`;

exports[`should return only nodes of type span 1`] = `
[
  {
    "type": "span",
    "value": "foo",
  },
  {
    "type": "span",
    "value": "var",
  },
]
`;

exports[`should return the parent element 1`] = `
[
  {
    "field": "c",
    "parent": {
      "c": {
        "name": 1,
        "toVisit": true,
      },
    },
  },
  {
    "field": "1",
    "parent": [
      {},
      {
        "name": 4,
        "toVisit": true,
      },
    ],
  },
  {
    "field": Symbol(sd),
    "parent": {
      [Symbol(sd)]: {
        "name": 3,
        "toVisit": true,
      },
    },
  },
  {
    "field": "e",
    "parent": {
      "a": {
        "b": [
          {
            "c": {
              "name": 1,
              "toVisit": true,
            },
          },
          [
            {},
            {
              "name": 4,
              "toVisit": true,
            },
          ],
          {
            [Symbol(sd)]: {
              "name": 3,
              "toVisit": true,
            },
          },
        ],
      },
      "e": {
        "name": 2,
        "toVisit": true,
      },
    },
  },
]
`;
